
  .   ____          _            __ _ _
 /\\ / ___'_ __ _ _(_)_ __  __ _ \ \ \ \
( ( )\___ | '_ | '_| | '_ \/ _` | \ \ \ \
 \\/  ___)| |_)| | | | | || (_| |  ) ) ) )
  '  |____| .__|_| |_|_| |_\__, | / / / /
 =========|_|==============|___/=/_/_/_/

 :: Spring Boot ::                (v3.3.4)

22:24:58.072 [main] INFO  c.d.b.b.c.BffCajeroApplication - Starting BffCajeroApplication v1.0.0 using Java 21.0.12 with PID 48071 (/home/aandrewsv/duoc/BI8/DESARROLLO BACKEND III_004A/S5/Exp2_S5_Agustin_Andrews/bff-cajero/target/bff-cajero-1.0.0.jar started by aandrewsv in /home/aandrewsv/duoc/BI8/DESARROLLO BACKEND III_004A/S5/Exp2_S5_Agustin_Andrews/bff-cajero)
22:24:58.078 [main] INFO  c.d.b.b.c.BffCajeroApplication - No active profile set, falling back to 1 default profile: "default"
22:25:02.460 [main] INFO  o.s.b.w.e.t.TomcatWebServer - Tomcat initialized with port 8445 (https)
22:25:02.566 [main] INFO  o.a.c.core.StandardService - Starting service [Tomcat]
22:25:02.570 [main] INFO  o.a.c.core.StandardEngine - Starting Servlet engine: [Apache Tomcat/10.1.30]
22:25:02.699 [main] INFO  o.a.c.c.C.[.[localhost].[/] - Initializing Spring embedded WebApplicationContext
22:25:02.703 [main] INFO  o.s.b.w.s.c.ServletWebServerApplicationContext - Root WebApplicationContext: initialization completed in 4528 ms
22:25:03.522 [main] INFO  c.d.b.c.c.ConfiguracionClienteCore - Cliente del core: url=https://localhost:8843 clienteId=bff-cajero timeouts=3s/5s bundleSsl=bancoxyz
22:25:05.071 [main] WARN  o.s.b.a.s.s.UserDetailsServiceAutoConfiguration - 

Using generated security password: 82c2b8a5-02b3-44c9-843c-e8599e7d62d8

This generated password is for development use only. Your security configuration must be updated before running your application in production.

22:25:05.151 [main] INFO  o.s.s.c.a.a.c.InitializeUserDetailsBeanManagerConfigurer$InitializeUserDetailsManagerConfigurer - Global AuthenticationManager configured with UserDetailsService bean with name inMemoryUserDetailsManager
22:25:07.018 [main] INFO  o.s.b.a.e.w.EndpointLinksResolver - Exposing 1 endpoint beneath base path '/actuator'
22:25:08.317 [main] INFO  o.a.t.u.n.N.certificate - Connector [https-jsse-nio-8445], TLS virtual host [_default_], certificate type [UNDEFINED] configured from keystore [/home/aandrewsv/.keystore] using alias [tomcat] with trust store [null]
22:25:08.341 [main] INFO  o.s.b.w.e.t.TomcatWebServer - Tomcat started on port 8445 (https) with context path '/'
22:25:08.371 [main] INFO  c.d.b.b.c.BffCajeroApplication - Started BffCajeroApplication in 11.143 seconds (process running for 12.019)
22:25:09.744 [https-jsse-nio-8445-exec-6] INFO  o.a.c.c.C.[.[localhost].[/] - Initializing Spring DispatcherServlet 'dispatcherServlet'
22:25:09.744 [https-jsse-nio-8445-exec-6] INFO  o.s.w.s.DispatcherServlet - Initializing Servlet 'dispatcherServlet'
22:25:09.745 [https-jsse-nio-8445-exec-6] INFO  o.s.w.s.DispatcherServlet - Completed initialization in 1 ms
22:27:34.215 [https-jsse-nio-8445-exec-1] INFO  o.s.a.AbstractOpenApiResource - Init duration for springdoc-openapi is: 215 ms
