
  .   ____          _            __ _ _
 /\\ / ___'_ __ _ _(_)_ __  __ _ \ \ \ \
( ( )\___ | '_ | '_| | '_ \/ _` | \ \ \ \
 \\/  ___)| |_)| | | | | || (_| |  ) ) ) )
  '  |____| .__|_| |_|_| |_\__, | / / / /
 =========|_|==============|___/=/_/_/_/

 :: Spring Boot ::                (v3.3.4)

22:24:58.138 [main] INFO  c.d.b.b.m.BffMovilApplication - Starting BffMovilApplication v1.0.0 using Java 21.0.12 with PID 48069 (/home/aandrewsv/duoc/BI8/DESARROLLO BACKEND III_004A/S5/Exp2_S5_Agustin_Andrews/bff-movil/target/bff-movil-1.0.0.jar started by aandrewsv in /home/aandrewsv/duoc/BI8/DESARROLLO BACKEND III_004A/S5/Exp2_S5_Agustin_Andrews/bff-movil)
22:24:58.143 [main] INFO  c.d.b.b.m.BffMovilApplication - No active profile set, falling back to 1 default profile: "default"
22:25:02.621 [main] INFO  o.s.b.w.e.t.TomcatWebServer - Tomcat initialized with port 8444 (https)
22:25:02.681 [main] INFO  o.a.c.core.StandardService - Starting service [Tomcat]
22:25:02.682 [main] INFO  o.a.c.core.StandardEngine - Starting Servlet engine: [Apache Tomcat/10.1.30]
22:25:02.783 [main] INFO  o.a.c.c.C.[.[localhost].[/] - Initializing Spring embedded WebApplicationContext
22:25:02.786 [main] INFO  o.s.b.w.s.c.ServletWebServerApplicationContext - Root WebApplicationContext: initialization completed in 4530 ms
22:25:03.842 [main] INFO  c.d.b.c.c.ConfiguracionClienteCore - Cliente del core: url=https://localhost:8843 clienteId=bff-movil timeouts=3s/8s bundleSsl=bancoxyz
22:25:05.525 [main] WARN  o.s.b.a.s.s.UserDetailsServiceAutoConfiguration - 

Using generated security password: 9ee1a7fd-6b55-4c83-9cec-126581af0c89

This generated password is for development use only. Your security configuration must be updated before running your application in production.

22:25:05.659 [main] INFO  o.s.s.c.a.a.c.InitializeUserDetailsBeanManagerConfigurer$InitializeUserDetailsManagerConfigurer - Global AuthenticationManager configured with UserDetailsService bean with name inMemoryUserDetailsManager
22:25:06.876 [main] INFO  o.s.b.a.e.w.EndpointLinksResolver - Exposing 1 endpoint beneath base path '/actuator'
22:25:08.294 [main] INFO  o.a.t.u.n.N.certificate - Connector [https-jsse-nio-8444], TLS virtual host [_default_], certificate type [UNDEFINED] configured from keystore [/home/aandrewsv/.keystore] using alias [tomcat] with trust store [null]
22:25:08.327 [main] INFO  o.s.b.w.e.t.TomcatWebServer - Tomcat started on port 8444 (https) with context path '/'
22:25:08.361 [main] INFO  c.d.b.b.m.BffMovilApplication - Started BffMovilApplication in 11.037 seconds (process running for 12.011)
22:25:09.511 [https-jsse-nio-8444-exec-5] INFO  o.a.c.c.C.[.[localhost].[/] - Initializing Spring DispatcherServlet 'dispatcherServlet'
22:25:09.511 [https-jsse-nio-8444-exec-5] INFO  o.s.w.s.DispatcherServlet - Initializing Servlet 'dispatcherServlet'
22:25:09.513 [https-jsse-nio-8444-exec-5] INFO  o.s.w.s.DispatcherServlet - Completed initialization in 1 ms
22:27:21.699 [https-jsse-nio-8444-exec-6] INFO  o.s.a.AbstractOpenApiResource - Init duration for springdoc-openapi is: 225 ms
